// Jest Snapshot v1, https://goo.gl/fbAQLP

exports[`renders correctly 1`] = `
<View
  style={
    Object {
      "flex": 1,
      "justifyContent": "flex-end",
    }
  }
>
  <Connect(DepositViewInfo)
    renderToastNotification={[Function]}
  />
</View>
`;
