// Jest Snapshot v1, https://goo.gl/fbAQLP

exports[`renders correctly 1`] = `
<View
  style={
    Object {
      "alignItems": "center",
      "flex": 1,
      "justifyContent": "center",
    }
  }
>
  <View
    style={
      Object {
        "alignItems": "center",
        "backgroundColor": "rgb(44,52,58)",
        "borderRadius": 4,
        "justifyContent": "center",
        "marginBottom": 24,
        "padding": 12,
        "width": 718,
      }
    }
  >
    <Text
      style={
        Object {
          "color": "#FFF",
          "fontFamily": "SFProDisplay-Semibold",
          "fontSize": 16,
        }
      }
    >
       
       
    </Text>
  </View>
  <View
    style={
      Object {
        "alignSelf": "center",
        "flexDirection": "row",
        "height": 350,
      }
    }
  >
    <ActivityIndicator
      animating={true}
      color="#FFF"
      hidesWhenStopped={true}
      size="large"
    />
  </View>
</View>
`;
