// Jest Snapshot v1, https://goo.gl/fbAQLP

exports[`renders correctly 1`] = `
<View
  style={
    Object {
      "backgroundColor": "transparent",
    }
  }
>
  <View
    style={
      Object {
        "alignSelf": "center",
        "backgroundColor": "transparent",
        "marginTop": 40.019999999999996,
        "width": 718,
      }
    }
  >
    <View
      style={
        Object {
          "flexDirection": "row",
        }
      }
    >
      <Text
        style={
          Object {
            "color": "#FFFFFF",
            "fontFamily": "SFProDisplay-Regular",
            "fontSize": 16,
            "paddingLeft": 12,
          }
        }
      >
        Billing Amount
      </Text>
    </View>
    <View
      style={
        Object {
          "backgroundColor": "rgb(32,37,42)",
          "borderBottomColor": "rgb(56,65,71)",
          "borderBottomWidth": 1.5,
          "borderRadius": 4,
          "flexDirection": "row",
          "height": 50,
          "marginTop": 10,
        }
      }
    >
      <TextInput
        allowFontScaling={true}
        autoCapitalize="none"
        autoCorrect={false}
        keyboardType="decimal-pad"
        onBlur={[Function]}
        onChangeText={[Function]}
        onFocus={[Function]}
        placeholder="0"
        placeholderTextColor="rgba( 255, 255, 255, 0.2)"
        rejectResponderTermination={true}
        style={
          Object {
            "color": "#fff",
            "flex": 1,
            "fontFamily": "SFProDisplay-Regular",
            "fontSize": 12,
            "paddingLeft": 12,
          }
        }
        underlineColorAndroid="transparent"
        value="0"
      />
      <View
        style={
          Object {
            "alignItems": "flex-end",
            "flex": 1,
            "justifyContent": "center",
            "paddingRight": 10,
          }
        }
      >
        <Text
          style={
            Object {
              "color": "#fff",
              "fontFamily": "SFProDisplay-Regular",
              "fontSize": 16,
            }
          }
        />
      </View>
    </View>
  </View>
  <View
    style={
      Object {
        "height": 20,
      }
    }
  />
</View>
`;
